2026-08-13 22:06:49 | ERROR | Database error – rolling back transaction: 400: The reading you entered (12000.0) is lower than the last approved reading (12450.00). Please check the meter and try again.
2026-08-13 22:06:50 | ERROR | Database error – rolling back transaction: 400: The photo appears to be corrupted or incomplete.
2026-08-13 22:06:51 | ERROR | Database error – rolling back transaction: 400: Photo is 2.0 MB, which is over the 1 MB limit. Please take the photo at a lower resolution or compress it.
2026-08-13 22:06:52 | ERROR | Database error – rolling back transaction: 400: A photo of the meter is required.
2026-08-13 22:06:53 | ERROR | Database error – rolling back transaction: 409: A reading for this meter is already waiting for admin review. Please wait for it to be checked before sending another.
2026-08-13 22:06:54 | ERROR | Database error – rolling back transaction: 403: This meter is not on one of your shops.
2026-08-13 22:06:55 | ERROR | Database error – rolling back transaction: 404: Reading not found
2026-08-13 22:06:56 | ERROR | Database error – rolling back transaction: 404: Reading not found
2026-08-13 22:06:58 | ERROR | Database error – rolling back transaction: 403: Admin access required
2026-08-13 22:06:59 | ERROR | Database error – rolling back transaction: 403: Admin access required
2026-08-13 22:07:00 | ERROR | Database error – rolling back transaction: 403: Admin access required
2026-08-13 22:07:00 | ERROR | Database error – rolling back transaction: 403: Admin access required
2026-08-13 22:07:00 | ERROR | Database error – rolling back transaction: 403: Admin access required
2026-08-13 22:07:01 | ERROR | Database error – rolling back transaction: 403: Not authenticated
2026-08-13 22:07:01 | ERROR | Database error – rolling back transaction: 403: Not authenticated
2026-08-13 22:07:13 | ERROR | Database error – rolling back transaction: 400: Your reading differs from the tenant's submitted reading. Please give a short reason before approving.
2026-08-13 22:07:15 | ERROR | Database error – rolling back transaction: 409: This reading has already been approved and billed.
2026-08-13 22:07:16 | ERROR | Database error – rolling back transaction: 400: Current reading (12000.00) is lower than the last approved reading (12450.00). Check the photo - if the meter was replaced or has rolled over, reject this reading and register a new meter instead.
2026-08-13 22:07:17 | ERROR | Database error – rolling back transaction: 400: No unit price has been set for electricity on or before 13 Aug 2026. Add a tariff before approving this reading.
2026-08-13 22:07:26 | ERROR | Database error – rolling back transaction: 409: This reading has already been approved and billed. Use a bill adjustment instead of rejecting it.
2026-08-13 22:07:27 | ERROR | Database error – rolling back transaction: 409: This reading was rejected. Ask the tenant to submit a new photo.
2026-08-13 22:07:31 | ERROR | Database error – rolling back transaction: 409: Meter MTR-001 already exists on this shop
2026-08-13 22:07:33 | ERROR | Database error – rolling back transaction: 400: Initial reading cannot be changed once this meter has approved readings.
2026-08-13 22:07:34 | ERROR | Database error – rolling back transaction: 400: This meter has approved readings and cannot be deleted. Mark it inactive instead so its history is preserved.
2026-08-13 22:07:38 | ERROR | Database error – rolling back transaction: 400: This rate has already been used to bill a reading and cannot be deleted. Add a newer rate instead.
2026-08-13 22:07:39 | ERROR | Database error – rolling back transaction: 400: Max photo size must be between 1 and 50 MB
2026-08-13 22:07:40 | ERROR | Database error – rolling back transaction: 400: Unknown setting key(s): totally.made.up
2026-08-13 22:07:42 | ERROR | Database error – rolling back transaction: 403: Admin access required
2026-08-13 22:07:42 | ERROR | Database error – rolling back transaction: 403: Admin access required
2026-08-13 22:08:15 | ERROR | Database error – rolling back transaction: 400: The reading you entered (12000.0) is lower than the last approved reading (12450.00). Please check the meter and try again.
2026-08-13 22:08:16 | ERROR | Database error – rolling back transaction: 400: The photo appears to be corrupted or incomplete.
2026-08-13 22:08:17 | ERROR | Database error – rolling back transaction: 400: Photo is 2.0 MB, which is over the 1 MB limit. Please take the photo at a lower resolution or compress it.
2026-08-13 22:08:18 | ERROR | Database error – rolling back transaction: 400: A photo of the meter is required.
2026-08-13 22:08:19 | ERROR | Database error – rolling back transaction: 409: A reading for this meter is already waiting for admin review. Please wait for it to be checked before sending another.
2026-08-13 22:08:20 | ERROR | Database error – rolling back transaction: 403: This meter is not on one of your shops.
2026-08-13 22:08:22 | ERROR | Database error – rolling back transaction: 404: Reading not found
2026-08-13 22:08:23 | ERROR | Database error – rolling back transaction: 404: Reading not found
2026-08-13 22:08:25 | ERROR | Database error – rolling back transaction: 403: Admin access required
2026-08-13 22:08:26 | ERROR | Database error – rolling back transaction: 403: Admin access required
2026-08-13 22:08:27 | ERROR | Database error – rolling back transaction: 403: Admin access required
2026-08-13 22:08:27 | ERROR | Database error – rolling back transaction: 403: Admin access required
2026-08-13 22:08:27 | ERROR | Database error – rolling back transaction: 403: Admin access required
2026-08-13 22:08:28 | ERROR | Database error – rolling back transaction: 403: Not authenticated
2026-08-13 22:08:28 | ERROR | Database error – rolling back transaction: 403: Not authenticated
2026-08-13 22:08:41 | ERROR | Database error – rolling back transaction: 400: Your reading differs from the tenant's submitted reading. Please give a short reason before approving.
2026-08-13 22:08:42 | ERROR | Database error – rolling back transaction: 409: This reading has already been approved and billed.
2026-08-13 22:08:44 | ERROR | Database error – rolling back transaction: 400: Current reading (12000.00) is lower than the last approved reading (12450.00). Check the photo - if the meter was replaced or has rolled over, reject this reading and register a new meter instead.
2026-08-13 22:08:45 | ERROR | Database error – rolling back transaction: 400: No unit price has been set for electricity on or before 13 Aug 2026. Add a tariff before approving this reading.
2026-08-13 22:08:54 | ERROR | Database error – rolling back transaction: 409: This reading has already been approved and billed. Use a bill adjustment instead of rejecting it.
2026-08-13 22:08:55 | ERROR | Database error – rolling back transaction: 409: This reading was rejected. Ask the tenant to submit a new photo.
2026-08-13 22:08:59 | ERROR | Database error – rolling back transaction: 409: Meter MTR-001 already exists on this shop
2026-08-13 22:09:00 | ERROR | Database error – rolling back transaction: 400: Initial reading cannot be changed once this meter has approved readings.
2026-08-13 22:09:01 | ERROR | Database error – rolling back transaction: 400: This meter has approved readings and cannot be deleted. Mark it inactive instead so its history is preserved.
2026-08-13 22:09:04 | ERROR | Database error – rolling back transaction: 400: This rate has already been used to bill a reading and cannot be deleted. Add a newer rate instead.
2026-08-13 22:09:06 | ERROR | Database error – rolling back transaction: 400: Max photo size must be between 1 and 50 MB
2026-08-13 22:09:07 | ERROR | Database error – rolling back transaction: 400: Unknown setting key(s): totally.made.up
2026-08-13 22:09:09 | ERROR | Database error – rolling back transaction: 403: Admin access required
2026-08-13 22:09:09 | ERROR | Database error – rolling back transaction: 403: Admin access required
2026-08-13 22:09:39 | ERROR | Database error – rolling back transaction: 400: The reading you entered (12000.0) is lower than the last approved reading (12450.00). Please check the meter and try again.
2026-08-13 22:09:40 | ERROR | Database error – rolling back transaction: 400: That file does not look like a photo. Please upload a JPG, PNG or WebP image.
2026-08-13 22:09:40 | ERROR | Database error – rolling back transaction: 400: The photo appears to be corrupted or incomplete.
2026-08-13 22:09:42 | ERROR | Database error – rolling back transaction: 400: Photo is 2.0 MB, which is over the 1 MB limit. Please take the photo at a lower resolution or compress it.
2026-08-13 22:09:43 | ERROR | Database error – rolling back transaction: 400: A photo of the meter is required.
2026-08-13 22:09:44 | ERROR | Database error – rolling back transaction: 409: A reading for this meter is already waiting for admin review. Please wait for it to be checked before sending another.
2026-08-13 22:09:46 | ERROR | Database error – rolling back transaction: 403: This meter is not on one of your shops.
2026-08-13 22:09:47 | ERROR | Database error – rolling back transaction: 404: Reading not found
2026-08-13 22:09:48 | ERROR | Database error – rolling back transaction: 404: Reading not found
2026-08-13 22:09:51 | ERROR | Database error – rolling back transaction: 403: Admin access required
2026-08-13 22:09:51 | ERROR | Database error – rolling back transaction: 403: Admin access required
2026-08-13 22:09:52 | ERROR | Database error – rolling back transaction: 403: Admin access required
2026-08-13 22:09:52 | ERROR | Database error – rolling back transaction: 403: Admin access required
2026-08-13 22:09:52 | ERROR | Database error – rolling back transaction: 403: Admin access required
2026-08-13 22:09:53 | ERROR | Database error – rolling back transaction: 403: Not authenticated
2026-08-13 22:09:53 | ERROR | Database error – rolling back transaction: 403: Not authenticated
2026-08-13 22:10:41 | ERROR | Database error – rolling back transaction: 400: Your reading differs from the tenant's submitted reading. Please give a short reason before approving.
2026-08-13 22:10:51 | ERROR | Database error – rolling back transaction: 409: This reading has already been approved and billed.
2026-08-13 22:10:58 | ERROR | Database error – rolling back transaction: 400: Current reading (12000.00) is lower than the last approved reading (12450.00). Check the photo - if the meter was replaced or has rolled over, reject this reading and register a new meter instead.
2026-08-13 22:11:02 | ERROR | Database error – rolling back transaction: 400: No unit price has been set for electricity on or before 13 Aug 2026. Add a tariff before approving this reading.
2026-08-13 22:12:03 | ERROR | Database error – rolling back transaction: 400: The reading you entered (12000.0) is lower than the last approved reading (12450.00). Please check the meter and try again.
2026-08-13 22:12:04 | ERROR | Database error – rolling back transaction: 400: That file does not look like a photo. Please upload a JPG, PNG or WebP image.
2026-08-13 22:12:06 | ERROR | Database error – rolling back transaction: 400: The photo appears to be corrupted or incomplete.
2026-08-13 22:12:08 | ERROR | Database error – rolling back transaction: 400: Photo is 2.0 MB, which is over the 1 MB limit. Please take the photo at a lower resolution or compress it.
2026-08-13 22:12:09 | ERROR | Database error – rolling back transaction: 400: A photo of the meter is required.
2026-08-13 22:12:11 | ERROR | Database error – rolling back transaction: 409: A reading for this meter is already waiting for admin review. Please wait for it to be checked before sending another.
2026-08-13 22:12:12 | ERROR | Database error – rolling back transaction: 403: This meter is not on one of your shops.
2026-08-13 22:12:14 | ERROR | Database error – rolling back transaction: 404: Reading not found
2026-08-13 22:12:16 | ERROR | Database error – rolling back transaction: 404: Reading not found
2026-08-13 22:12:19 | ERROR | Database error – rolling back transaction: 403: Admin access required
2026-08-13 22:12:20 | ERROR | Database error – rolling back transaction: 403: Admin access required
2026-08-13 22:12:21 | ERROR | Database error – rolling back transaction: 403: Admin access required
2026-08-13 22:12:21 | ERROR | Database error – rolling back transaction: 403: Admin access required
2026-08-13 22:12:21 | ERROR | Database error – rolling back transaction: 403: Admin access required
2026-08-13 22:12:23 | ERROR | Database error – rolling back transaction: 403: Not authenticated
2026-08-13 22:12:23 | ERROR | Database error – rolling back transaction: 403: Not authenticated
2026-08-13 22:12:40 | ERROR | Database error – rolling back transaction: 400: Your reading differs from the tenant's submitted reading. Please give a short reason before approving.
2026-08-13 22:12:41 | ERROR | Database error – rolling back transaction: 409: This reading has already been approved and billed.
2026-08-13 22:12:43 | ERROR | Database error – rolling back transaction: 400: Current reading (12000.00) is lower than the last approved reading (12450.00). Check the photo - if the meter was replaced or has rolled over, reject this reading and register a new meter instead.
2026-08-13 22:12:45 | ERROR | Database error – rolling back transaction: 400: No unit price has been set for electricity on or before 13 Aug 2026. Add a tariff before approving this reading.
2026-08-13 22:12:59 | ERROR | Database error – rolling back transaction: 409: This reading has already been approved and billed. Use a bill adjustment instead of rejecting it.
2026-08-13 22:13:01 | ERROR | Database error – rolling back transaction: 409: This reading was rejected. Ask the tenant to submit a new photo.
2026-08-13 22:13:05 | ERROR | Database error – rolling back transaction: 409: Meter MTR-001 already exists on this shop
2026-08-13 22:13:07 | ERROR | Database error – rolling back transaction: 400: Initial reading cannot be changed once this meter has approved readings.
2026-08-13 22:13:08 | ERROR | Database error – rolling back transaction: 400: This meter has approved readings and cannot be deleted. Mark it inactive instead so its history is preserved.
2026-08-13 22:13:12 | ERROR | Database error – rolling back transaction: 400: This rate has already been used to bill a reading and cannot be deleted. Add a newer rate instead.
2026-08-13 22:13:14 | ERROR | Database error – rolling back transaction: 400: Max photo size must be between 1 and 50 MB
2026-08-13 22:13:15 | ERROR | Database error – rolling back transaction: 400: Unknown setting key(s): totally.made.up
2026-08-13 22:13:18 | ERROR | Database error – rolling back transaction: 403: Admin access required
2026-08-13 22:13:18 | ERROR | Database error – rolling back transaction: 403: Admin access required
2026-08-13 22:14:19 | ERROR | Database error – rolling back transaction: 401: Invalid mobile or password
2026-08-13 22:14:20 | ERROR | Database error – rolling back transaction: 403: Not authenticated
2026-08-13 22:14:22 | ERROR | Database error – rolling back transaction: 403: Admin access required
2026-08-13 22:14:22 | ERROR | Database error – rolling back transaction: 403: Admin access required
2026-08-13 22:17:34 | ERROR | Database error – rolling back transaction: 401: Invalid mobile or password
2026-08-13 22:17:35 | ERROR | Database error – rolling back transaction: 403: Not authenticated
2026-08-13 22:17:39 | ERROR | Database error – rolling back transaction: 403: Admin access required
2026-08-13 22:17:39 | ERROR | Database error – rolling back transaction: 403: Admin access required
2026-08-13 22:17:56 | ERROR | Database error – rolling back transaction: 400: Bill is already fully paid
2026-08-13 22:18:26 | ERROR | Database error – rolling back transaction: 400: The reading you entered (12000.0) is lower than the last approved reading (12450.00). Please check the meter and try again.
2026-08-13 22:18:27 | ERROR | Database error – rolling back transaction: 400: That file does not look like a photo. Please upload a JPG, PNG or WebP image.
2026-08-13 22:18:28 | ERROR | Database error – rolling back transaction: 400: The photo appears to be corrupted or incomplete.
2026-08-13 22:18:31 | ERROR | Database error – rolling back transaction: 400: Photo is 2.0 MB, which is over the 1 MB limit. Please take the photo at a lower resolution or compress it.
2026-08-13 22:18:32 | ERROR | Database error – rolling back transaction: 400: A photo of the meter is required.
2026-08-13 22:18:33 | ERROR | Database error – rolling back transaction: 409: A reading for this meter is already waiting for admin review. Please wait for it to be checked before sending another.
2026-08-13 22:18:36 | ERROR | Database error – rolling back transaction: 403: This meter is not on one of your shops.
2026-08-13 22:18:38 | ERROR | Database error – rolling back transaction: 404: Reading not found
2026-08-13 22:18:40 | ERROR | Database error – rolling back transaction: 404: Reading not found
2026-08-13 22:18:43 | ERROR | Database error – rolling back transaction: 403: Admin access required
2026-08-13 22:18:44 | ERROR | Database error – rolling back transaction: 403: Admin access required
2026-08-13 22:18:46 | ERROR | Database error – rolling back transaction: 403: Admin access required
2026-08-13 22:18:46 | ERROR | Database error – rolling back transaction: 403: Admin access required
2026-08-13 22:18:46 | ERROR | Database error – rolling back transaction: 403: Admin access required
2026-08-13 22:18:47 | ERROR | Database error – rolling back transaction: 403: Not authenticated
2026-08-13 22:18:47 | ERROR | Database error – rolling back transaction: 403: Not authenticated
2026-08-13 22:19:02 | ERROR | Database error – rolling back transaction: 400: Your reading differs from the tenant's submitted reading. Please give a short reason before approving.
2026-08-13 22:19:04 | ERROR | Database error – rolling back transaction: 409: This reading has already been approved and billed.
2026-08-13 22:19:05 | ERROR | Database error – rolling back transaction: 400: Current reading (12000.00) is lower than the last approved reading (12450.00). Check the photo - if the meter was replaced or has rolled over, reject this reading and register a new meter instead.
2026-08-13 22:19:06 | ERROR | Database error – rolling back transaction: 400: No unit price has been set for electricity on or before 13 Aug 2026. Add a tariff before approving this reading.
2026-08-13 22:19:17 | ERROR | Database error – rolling back transaction: 409: This reading has already been approved and billed. Use a bill adjustment instead of rejecting it.
2026-08-13 22:19:19 | ERROR | Database error – rolling back transaction: 409: This reading was rejected. Ask the tenant to submit a new photo.
2026-08-13 22:19:23 | ERROR | Database error – rolling back transaction: 409: Meter MTR-001 already exists on this shop
2026-08-13 22:19:25 | ERROR | Database error – rolling back transaction: 400: Initial reading cannot be changed once this meter has approved readings.
2026-08-13 22:19:26 | ERROR | Database error – rolling back transaction: 400: This meter has approved readings and cannot be deleted. Mark it inactive instead so its history is preserved.
2026-08-13 22:19:29 | ERROR | Database error – rolling back transaction: 400: This rate has already been used to bill a reading and cannot be deleted. Add a newer rate instead.
2026-08-13 22:19:32 | ERROR | Database error – rolling back transaction: 400: Max photo size must be between 1 and 50 MB
2026-08-13 22:19:32 | ERROR | Database error – rolling back transaction: 400: Unknown setting key(s): totally.made.up
2026-08-13 22:19:34 | ERROR | Database error – rolling back transaction: 403: Admin access required
2026-08-13 22:19:34 | ERROR | Database error – rolling back transaction: 403: Admin access required
2026-08-13 22:27:43 | ERROR | Database error – rolling back transaction: 409: This reading has already been approved and billed.
2026-08-13 22:28:07 | ERROR | Database error – rolling back transaction: 401: Invalid mobile or password
2026-08-13 22:28:07 | ERROR | Database error – rolling back transaction: 403: Not authenticated
2026-08-13 22:28:08 | ERROR | Database error – rolling back transaction: 403: Admin access required
2026-08-13 22:28:08 | ERROR | Database error – rolling back transaction: 403: Admin access required
2026-08-13 22:28:14 | ERROR | Database error – rolling back transaction: 400: Bill is already fully paid
2026-08-13 22:28:29 | ERROR | Database error – rolling back transaction: 400: The reading you entered (12000.0) is lower than the last approved reading (12450.00). Please check the meter and try again.
2026-08-13 22:28:30 | ERROR | Database error – rolling back transaction: 400: That file does not look like a photo. Please upload a JPG, PNG or WebP image.
2026-08-13 22:28:30 | ERROR | Database error – rolling back transaction: 400: The photo appears to be corrupted or incomplete.
2026-08-13 22:28:32 | ERROR | Database error – rolling back transaction: 400: Photo is 2.0 MB, which is over the 1 MB limit. Please take the photo at a lower resolution or compress it.
2026-08-13 22:28:33 | ERROR | Database error – rolling back transaction: 400: A photo of the meter is required.
2026-08-13 22:28:33 | ERROR | Database error – rolling back transaction: 409: A reading for this meter is already waiting for admin review. Please wait for it to be checked before sending another.
2026-08-13 22:28:34 | ERROR | Database error – rolling back transaction: 403: This meter is not on one of your shops.
2026-08-13 22:28:35 | ERROR | Database error – rolling back transaction: 404: Reading not found
2026-08-13 22:28:36 | ERROR | Database error – rolling back transaction: 404: Reading not found
2026-08-13 22:28:38 | ERROR | Database error – rolling back transaction: 403: Admin access required
2026-08-13 22:28:39 | ERROR | Database error – rolling back transaction: 403: Admin access required
2026-08-13 22:28:40 | ERROR | Database error – rolling back transaction: 403: Admin access required
2026-08-13 22:28:40 | ERROR | Database error – rolling back transaction: 403: Admin access required
2026-08-13 22:28:40 | ERROR | Database error – rolling back transaction: 403: Admin access required
2026-08-13 22:28:40 | ERROR | Database error – rolling back transaction: 403: Not authenticated
2026-08-13 22:28:40 | ERROR | Database error – rolling back transaction: 403: Not authenticated
2026-08-13 22:28:54 | ERROR | Database error – rolling back transaction: 400: Your reading differs from the tenant's submitted reading. Please give a short reason before approving.
2026-08-13 22:28:56 | ERROR | Database error – rolling back transaction: 409: This reading has already been approved and billed.
2026-08-13 22:28:57 | ERROR | Database error – rolling back transaction: 400: Current reading (12000.00) is lower than the last approved reading (12450.00). Check the photo - if the meter was replaced or has rolled over, reject this reading and register a new meter instead.
2026-08-13 22:28:59 | ERROR | Database error – rolling back transaction: 400: No unit price has been set for electricity on or before 13 Aug 2026. Add a tariff before approving this reading.
2026-08-13 22:29:25 | ERROR | Database error – rolling back transaction: 409: This reading has already been approved and billed. Use a bill adjustment instead of rejecting it.
2026-08-13 22:29:29 | ERROR | Database error – rolling back transaction: 409: This reading was rejected. Ask the tenant to submit a new photo.
2026-08-13 22:29:43 | ERROR | Database error – rolling back transaction: 409: Meter MTR-001 already exists on this shop
2026-08-13 22:29:45 | ERROR | Database error – rolling back transaction: 400: Initial reading cannot be changed once this meter has approved readings.
2026-08-13 22:29:47 | ERROR | Database error – rolling back transaction: 400: This meter has approved readings and cannot be deleted. Mark it inactive instead so its history is preserved.
2026-08-13 22:29:53 | ERROR | Database error – rolling back transaction: 400: This rate has already been used to bill a reading and cannot be deleted. Add a newer rate instead.
2026-08-13 22:30:01 | ERROR | Database error – rolling back transaction: 400: Max photo size must be between 1 and 50 MB
2026-08-13 22:30:02 | ERROR | Database error – rolling back transaction: 400: Unknown setting key(s): totally.made.up
2026-08-13 22:30:06 | ERROR | Database error – rolling back transaction: 403: Admin access required
2026-08-13 22:30:06 | ERROR | Database error – rolling back transaction: 403: Admin access required
2026-08-13 23:11:51 | ERROR | Database error – rolling back transaction: 409: An unassigned meter numbered SPARE-01 already exists
2026-08-13 23:11:54 | ERROR | Database error – rolling back transaction: 403: This meter is not on one of your shops.
2026-08-13 23:11:56 | ERROR | Database error – rolling back transaction: 409: Shop A-101 already has a meter numbered MTR-001
2026-08-13 23:11:59 | ERROR | Database error – rolling back transaction: 404: Shop not found
2026-08-13 23:12:01 | ERROR | Database error – rolling back transaction: 400: A reading for this meter is waiting for review. Approve or reject it before removing the meter from the shop.
2026-08-13 23:12:03 | ERROR | Database error – rolling back transaction: 400: This meter already has approved readings billed to its current shop, so it can't be moved. Add a new meter on the other shop instead.
2026-08-13 23:12:05 | ERROR | Database error – rolling back transaction: 400: This meter is already on shop A-101
2026-08-13 23:12:05 | ERROR | Database error – rolling back transaction: 403: Admin access required
2026-08-13 23:12:05 | ERROR | Database error – rolling back transaction: 403: Admin access required
2026-08-13 23:12:13 | ERROR | Database error – rolling back transaction: 403: Admin access required
2026-08-13 23:12:14 | ERROR | Database error – rolling back transaction: 404: Meter not found
2026-08-13 23:12:27 | ERROR | Database error – rolling back transaction: 401: Invalid mobile or password
2026-08-13 23:12:27 | ERROR | Database error – rolling back transaction: 403: Not authenticated
2026-08-13 23:12:28 | ERROR | Database error – rolling back transaction: 403: Admin access required
2026-08-13 23:12:28 | ERROR | Database error – rolling back transaction: 403: Admin access required
2026-08-13 23:12:36 | ERROR | Database error – rolling back transaction: 400: Bill is already fully paid
2026-08-13 23:12:52 | ERROR | Database error – rolling back transaction: 400: The reading you entered (12000.0) is lower than the last approved reading (12450.00). Please check the meter and try again.
2026-08-13 23:12:53 | ERROR | Database error – rolling back transaction: 400: That file does not look like a photo. Please upload a JPG, PNG or WebP image.
2026-08-13 23:12:54 | ERROR | Database error – rolling back transaction: 400: The photo appears to be corrupted or incomplete.
2026-08-13 23:12:55 | ERROR | Database error – rolling back transaction: 400: Photo is 2.0 MB, which is over the 1 MB limit. Please take the photo at a lower resolution or compress it.
2026-08-13 23:12:56 | ERROR | Database error – rolling back transaction: 400: A photo of the meter is required.
2026-08-13 23:12:58 | ERROR | Database error – rolling back transaction: 409: A reading for this meter is already waiting for admin review. Please wait for it to be checked before sending another.
2026-08-13 23:12:59 | ERROR | Database error – rolling back transaction: 403: This meter is not on one of your shops.
2026-08-13 23:13:00 | ERROR | Database error – rolling back transaction: 404: Reading not found
2026-08-13 23:13:02 | ERROR | Database error – rolling back transaction: 404: Reading not found
2026-08-13 23:13:03 | ERROR | Database error – rolling back transaction: 403: Admin access required
2026-08-13 23:13:04 | ERROR | Database error – rolling back transaction: 403: Admin access required
2026-08-13 23:13:05 | ERROR | Database error – rolling back transaction: 403: Admin access required
2026-08-13 23:13:05 | ERROR | Database error – rolling back transaction: 403: Admin access required
2026-08-13 23:13:05 | ERROR | Database error – rolling back transaction: 403: Admin access required
2026-08-13 23:13:06 | ERROR | Database error – rolling back transaction: 403: Not authenticated
2026-08-13 23:13:06 | ERROR | Database error – rolling back transaction: 403: Not authenticated
2026-08-13 23:13:18 | ERROR | Database error – rolling back transaction: 400: Your reading differs from the tenant's submitted reading. Please give a short reason before approving.
2026-08-13 23:13:19 | ERROR | Database error – rolling back transaction: 409: This reading has already been approved and billed.
2026-08-13 23:13:20 | ERROR | Database error – rolling back transaction: 400: Current reading (12000.00) is lower than the last approved reading (12450.00). Check the photo - if the meter was replaced or has rolled over, reject this reading and register a new meter instead.
2026-08-13 23:13:22 | ERROR | Database error – rolling back transaction: 400: No unit price has been set for electricity on or before 13 Aug 2026. Add a tariff before approving this reading.
2026-08-13 23:13:35 | ERROR | Database error – rolling back transaction: 409: This reading has already been approved and billed. Use a bill adjustment instead of rejecting it.
2026-08-13 23:13:37 | ERROR | Database error – rolling back transaction: 409: This reading was rejected. Ask the tenant to submit a new photo.
2026-08-13 23:13:40 | ERROR | Database error – rolling back transaction: 409: Meter MTR-001 already exists on this shop
2026-08-13 23:13:41 | ERROR | Database error – rolling back transaction: 400: Initial reading cannot be changed once this meter has approved readings.
2026-08-13 23:13:43 | ERROR | Database error – rolling back transaction: 400: This meter has approved readings and cannot be deleted. Mark it inactive instead so its history is preserved.
2026-08-13 23:13:46 | ERROR | Database error – rolling back transaction: 400: This rate has already been used to bill a reading and cannot be deleted. Add a newer rate instead.
2026-08-13 23:13:47 | ERROR | Database error – rolling back transaction: 400: Max photo size must be between 1 and 50 MB
2026-08-13 23:13:48 | ERROR | Database error – rolling back transaction: 400: Unknown setting key(s): totally.made.up
2026-08-13 23:13:50 | ERROR | Database error – rolling back transaction: 403: Admin access required
2026-08-13 23:13:50 | ERROR | Database error – rolling back transaction: 403: Admin access required
2026-08-13 23:13:52 | ERROR | Database error – rolling back transaction: 409: An unassigned meter numbered SPARE-01 already exists
2026-08-13 23:13:56 | ERROR | Database error – rolling back transaction: 403: This meter is not on one of your shops.
2026-08-13 23:13:59 | ERROR | Database error – rolling back transaction: 409: Shop A-101 already has a meter numbered MTR-001
2026-08-13 23:14:00 | ERROR | Database error – rolling back transaction: 404: Shop not found
2026-08-13 23:14:02 | ERROR | Database error – rolling back transaction: 400: A reading for this meter is waiting for review. Approve or reject it before removing the meter from the shop.
2026-08-13 23:14:06 | ERROR | Database error – rolling back transaction: 400: This meter already has approved readings billed to its current shop, so it can't be moved. Add a new meter on the other shop instead.
2026-08-13 23:14:07 | ERROR | Database error – rolling back transaction: 400: This meter is already on shop A-101
2026-08-13 23:14:08 | ERROR | Database error – rolling back transaction: 403: Admin access required
2026-08-13 23:14:08 | ERROR | Database error – rolling back transaction: 403: Admin access required
2026-08-13 23:14:33 | ERROR | Database error – rolling back transaction: 403: Admin access required
2026-08-13 23:14:35 | ERROR | Database error – rolling back transaction: 404: Meter not found
2026-08-13 23:15:14 | ERROR | Database error – rolling back transaction: 400: This meter already has approved readings billed to its current shop, so it can't be moved. Add a new meter on the other shop instead.
2026-08-13 23:15:14 | ERROR | Database error – rolling back transaction: 400: A reading for this meter is waiting for review. Approve or reject it before removing the meter from the shop.
2026-08-13 23:15:14 | ERROR | Database error – rolling back transaction: 403: Admin access required
